[debug] [2024-07-10T08:07:06.320Z] ----------------------------------------------------------------------
[debug] [2024-07-10T08:07:06.322Z] Command:       C:\Program Files\nodejs\node.exe C:\Users\ASUS\AppData\Roaming\npm\node_modules\firebase-tools\lib\bin\firebase.js deploy
[debug] [2024-07-10T08:07:06.323Z] CLI Version:   13.0.2
[debug] [2024-07-10T08:07:06.323Z] Platform:      win32
[debug] [2024-07-10T08:07:06.323Z] Node Version:  v20.10.0
[debug] [2024-07-10T08:07:06.323Z] Time:          Wed Jul 10 2024 14:07:06 GMT+0600 (Bangladesh Standard Time)
[debug] [2024-07-10T08:07:06.323Z] ----------------------------------------------------------------------
[debug] 
[debug] [2024-07-10T08:07:06.399Z] > command requires scopes: ["email","openid","https://www.googleapis.com/auth/cloudplatformprojects.readonly","https://www.googleapis.com/auth/firebase","https://www.googleapis.com/auth/cloud-platform"]
[debug] [2024-07-10T08:07:06.399Z] > authorizing via signed-in user (musaddikh13@gmail.com)
[debug] [2024-07-10T08:07:06.399Z] [iam] checking project ema-jhon-musaddik for permissions ["firebase.projects.get","firebasehosting.sites.update"]
[debug] [2024-07-10T08:07:06.400Z] > refreshing access token with scopes: []
[debug] [2024-07-10T08:07:06.401Z] >>> [apiv2][query] POST https://www.googleapis.com/oauth2/v3/token [none]
[debug] [2024-07-10T08:07:06.401Z] >>> [apiv2][body] POST https://www.googleapis.com/oauth2/v3/token [omitted]
[debug] [2024-07-10T08:07:06.906Z] <<< [apiv2][status] POST https://www.googleapis.com/oauth2/v3/token 400
[debug] [2024-07-10T08:07:06.907Z] <<< [apiv2][body] POST https://www.googleapis.com/oauth2/v3/token [omitted]
[debug] [2024-07-10T08:07:06.907Z] >>> [apiv2][query] POST https://cloudresourcemanager.googleapis.com/v1/projects/ema-jhon-musaddik:testIamPermissions [none]
[debug] [2024-07-10T08:07:06.907Z] >>> [apiv2][(partial)header] POST https://cloudresourcemanager.googleapis.com/v1/projects/ema-jhon-musaddik:testIamPermissions x-goog-quota-user=projects/ema-jhon-musaddik
[debug] [2024-07-10T08:07:06.907Z] >>> [apiv2][body] POST https://cloudresourcemanager.googleapis.com/v1/projects/ema-jhon-musaddik:testIamPermissions {"permissions":["firebase.projects.get","firebasehosting.sites.update"]}
[debug] [2024-07-10T08:07:08.638Z] <<< [apiv2][status] POST https://cloudresourcemanager.googleapis.com/v1/projects/ema-jhon-musaddik:testIamPermissions 401
[debug] [2024-07-10T08:07:08.638Z] <<< [apiv2][body] POST https://cloudresourcemanager.googleapis.com/v1/projects/ema-jhon-musaddik:testIamPermissions {"error":{"code":401,"message":"Request had invalid authentication credentials. Expected OAuth 2 access token, login cookie or other valid authentication credential. See https://developers.google.com/identity/sign-in/web/devconsole-project.","status":"UNAUTHENTICATED","details":[{"@type":"type.googleapis.com/google.rpc.ErrorInfo","reason":"ACCESS_TOKEN_TYPE_UNSUPPORTED","metadata":{"method":"google.cloudresourcemanager.v1.Projects.TestIamPermissions","service":"cloudresourcemanager.googleapis.com"}}]}}
[debug] [2024-07-10T08:07:08.639Z] [iam] error while checking permissions, command may fail: FirebaseError: HTTP Error: 401, Request had invalid authentication credentials. Expected OAuth 2 access token, login cookie or other valid authentication credential. See https://developers.google.com/identity/sign-in/web/devconsole-project.
[debug] [2024-07-10T08:07:08.639Z] > refreshing access token with scopes: []
[debug] [2024-07-10T08:07:08.640Z] >>> [apiv2][query] POST https://www.googleapis.com/oauth2/v3/token [none]
[debug] [2024-07-10T08:07:08.640Z] >>> [apiv2][body] POST https://www.googleapis.com/oauth2/v3/token [omitted]
[debug] [2024-07-10T08:07:08.915Z] <<< [apiv2][status] POST https://www.googleapis.com/oauth2/v3/token 400
[debug] [2024-07-10T08:07:08.915Z] <<< [apiv2][body] POST https://www.googleapis.com/oauth2/v3/token [omitted]
[debug] [2024-07-10T08:07:08.916Z] >>> [apiv2][query] GET https://firebase.googleapis.com/v1beta1/projects/ema-jhon-musaddik [none]
[debug] [2024-07-10T08:07:09.375Z] <<< [apiv2][status] GET https://firebase.googleapis.com/v1beta1/projects/ema-jhon-musaddik 401
[debug] [2024-07-10T08:07:09.376Z] <<< [apiv2][body] GET https://firebase.googleapis.com/v1beta1/projects/ema-jhon-musaddik {"error":{"code":401,"message":"Request had invalid authentication credentials. Expected OAuth 2 access token, login cookie or other valid authentication credential. See https://developers.google.com/identity/sign-in/web/devconsole-project.","status":"UNAUTHENTICATED"}}
[debug] [2024-07-10T08:07:09.376Z] HTTP Error: 401, Request had invalid authentication credentials. Expected OAuth 2 access token, login cookie or other valid authentication credential. See https://developers.google.com/identity/sign-in/web/devconsole-project.
[error] 
[error] Error: Assertion failed: resolving hosting target of a site with no site name or target name. This should have caused an error earlier
